[    00000Intialincgroup subsys cpuset
[    0.000000] Initializing cgroup subsys cpu
[    0.000000] Initializing cgroup subsys cpuacct
[    0.000000] Linux version 4.4.0-170-generic (buildd@lcy01-amd64-019) (gcc vesion5.0 16609 Ubtu.4.0ubtu16.04.2) ) #199-Ubuntu SMP Thu Nov 14 01:45:04 UTC 2019 (Ubuntu 4.4.0-170.199-generic 4.4.200)
[    0.000000] Command line: BOOT_IMAGE=/boot/vmlinuz-4.4.0-170-generic root=LABEL=cloudimg-rootfs ro console=tty1 console=ttyS0
[    0.000000] KERNEL supported cpus:
[    0.000000]   Intel GenuineIntel
[    0.000000]   AMD AuthenticAMD
[    0.000000]   Centaur CentaurHauls
[    0.000000] x86/fpu: xstate_offset[2]:  576, xstate_sizes[2]:  256
[    0.000000] x86/fpu: Supporting XSAVE feature 0x01: 'x87 floating point registers'
[    0.000000] x86/fpu: Supporting XSAVE feature 0x02: 'SSE registers'
[    0.000000] x86/fpu: Supporting XSAVE feature 0x04: 'AVX registers'
[    0.000000] x86/fpu: Enabled xstate features 0x7, context size is 832 bytes, using 'standard' format.
[    0.000000] e820: BIOS-provided physical RAM map:
[    0.000000] BIOS-e820: [mem 0x0000000000000000-0x000000000009fbff] usable
[    0.000000] BIOS-e820: [mem 0x000000000009fc00-0x000000000009ffff] reserved
[    0.000000] BIOS-e820: [mem 0x00000000000f0000-0x00000000000fffff] reserved
[    0.000000] BIOS-e820: [mem 0x0000000000100000-0x000000003ffeffff] usable
[    0.000000] BIOS-e820: [mem 0x000000003fff0000-0x000000003fffffff] ACPI data
[    0.000000] BIOS-e820: [mem 0x00000000fec00000-0x00000000fec00fff] reserved
[    0.000000] BIOS-e820: [mem 0x00000000fee00000-0x00000000fee00fff]resered
[    0.000000] BIOS-e820: [mem 0x00000000fffc0000-0x00000000ffffffff] reserved
[    0.000000] NX (Execute Disable) protection: active
[    0.000000] SMBIOS 2.5 present.
[    0.000000] Hypervisor detected: KVM
[    0.000000] e820: last_pfn = 0x3fff0 max_arch_pfn = 0x400000000
[    0.000000] MTRR: Disabled
[    0.000000] x86/PAT: MTRRs disabled, skipping PAT initialization too.
[    0.000000] CPU MTRRs all blank - virtualized system.
[    0.000000] x86/PAT: Configuration [0-7]: WB  WT  UC- UC  WB  WT  UC- UC  
[    0.000000] found SMP MP-table at [mem 0x0009fff0-0x0009ffff] mapped at [ffff88000009fff0]
[    0.000000] Scanning 1 areas for low memory corruption
[    0.000000] RAMDISK: [mem 0x362f8000-0x37173fff]
[    0.000000] ACPI: Early table checksum verification disabled
[    0.000000] ACPI: RSDP 0x00000000000E0000 000024 (v02 VBOX  )
[    0.000000] ACPI: XSDT 0x000000003FFF0030 00003C (v01 VBOX   VBOXXSDT 00000001 ASL  00000061)
[    0.000000] ACPI: FACP 0x000000003FFF00F0 0000F4 (v04 VBOX   VBOXFACP 00000001 ASL  00000061)
[    0.000000] ACPI: DSDT 0x000000003FFF0470 0021FF (v02 VBOX   VBOXBIOS 00000002 INTL 20180105)
[    0.000000] ACPI: FACS 0x000000003FFF0200 000040
[    0.000000] ACPI: FACS 0x000000003FFF0200 000040
[    0.000000] ACPI: APIC 0x000000003FFF0240 00005C (v02 VBOX   VBOXAPIC 00000001 ASL  00000061)
[    0.000000] ACPI: SSDT 0x000000003FFF02A0 0001CC (v01 VBOX   VBOXCPUT 00000002 INTL 20180105)
[    0.000000] No NUMA configuration found
[    0.000000] Faking a node at [mem 0x0000000000000000-0x000000003ffeffff]
[    0.000000] NODE_DATA(0) allocated [mem 0x3ffeb000-0x3ffeffff]
[    0.000000] kvm-clock: Using msrs 4b564d01 and 4b564d00
[    0.000000] kvm-clock: cpu 0, msr 0:3ffe3001, primary cpu clock
[    0.000000] kvm-clock: using sched offset of 3117121050 cycles
[    0.000000] clocksource: kvm-clock: mask: 0xffffffffffffffff max_cycles: 0x1cd42e4dffb, max_idle_ns: 881590591483 ns
[    0.000000] Zone ranges:
[    0.000000]   DMA      [mem 0x0000000000001000-0x0000000000ffffff]
[    0.000000]   DMA32    [mem 0x0000000001000000-0x000000003ffeffff]
[    0.000000]   Normal   empty
[    0.000000]   Device   empty
[    0.000000] Movable zone start for each node
[    0.000000] Early memory node ranges
[    0.000000]   node   0: [mem 0x0000000000001000-0x000000000009efff]
[    0.000000]   node   0: [mem 0x0000000000100000-0x000000003ffeffff]
[    0.000000] Initmem setup node 0 [mem 0x0000000000001000-0x000000003ffeffff]
[    0.000000] ACPI: PM-Timer IO Port: 0x4008
[    0.000000] IOAPIC[0]: apic_id 2, version 32, address 0xfec00000, GSI 0-23
[    0.000000] ACPI: INT_SRC_OVR (bus 0 bus_irq 0 global_irq 2 dfl dfl)
[    0.000000] ACPI: INT_SRC_OVR (bus 0 bus_irq 9 global_irq 9 low level)
[    0.000000] Using ACPI (MADT) for SMP configuration information
[    0.000000] smpboot: Allowing 2 CPUs, 0 hotplug CPUs
[    0.000000] PM: Registered nosave memory: [mem 0x00000000-0x00000fff]
[    0.000000] PM: Registered nosave memory: [mem 0x0009f000-0x0009ffff]
[    0.000000] PM: Registered nosave memory: [mem 0x000a0000-0x000effff]
[    0.000000] PM: Registered nosave memory: [mem 0x000f0000-0x000fffff]
[    0.000000] e820: [mem 0x40000000-0xfebfffff] available for PCI devices
[    0.000000] Booting paravirtualized kernel on KVM
[    0.000000] clocksource: refined-jiffies: mask: 0xffffffff max_cycles: 0xffffffff, max_idle_ns: 7645519600211568 ns
[    0.000000] setup_percpu: NR_CPUS:512 nr_cpumask_bits:512 nr_cpu_ids:2 nr_node_ids:1
[    0.000000] PERCPU: Embedded 33 pages/cpu @ffff88003fc00000 s95448 r8192 d31528 u1048576
[    0.000000] Built 1 zonelists in Node order, mobility grouping on.  Total pages: 257912
[    0.000000] Policy zone: DMA32
[    0.000000] Kernel command line: BOOT_IMAGE=/boot/vmlinuz-4.4.0-170-generic root=LABEL=cloudimg-rootfs ro console=tty1 console=ttyS0
[    0.000000] PID hash table entries: 4096 (order: 3, 32768 bytes)
[    0.000000] Memory: 997724K/1048120K available (8626K kernel code, 1336K rwdata, 4036K rodata, 1488K init, 1288K bss, 50396K reserved, 0K cma-reserved)
[    0.000000] SLUB: HWalign=64, Order=0-3, MinObjects=0, CPUs=2, Nodes=1
[    0.000000] Kernel/User page tables isolation: enabled
[    0.000000] Hierarchical RCU implementation.
[    0.000000] 	Build-time adjustment of leaf fanout to 64.
[    0.000000] 	RCU restricting CPUs from NR_CPUS=512 to nr_cpu_ids=2.
[    0.000000] RCU: Adjusting geometry for rcu_fanout_leaf=64, nr_cpu_ids=2
[    0.000000] NR_IRQS:33024 nr_irqs:440 16
[    0.000000] Console: colour VGA+ 80x25
[    0.000000] console [tty1] enabled
[    0.000000] console [ttyS0] enabled
[    0.000000] tsc: Detected 3696.000 MHz processor
[    0.437480] Calibrating delay loop (skipped) preset value.. 7392.00 BogoMIPS (lpj=14784000)
[    0.438547] pid_max: default: 32768 minimum: 301
[    0.439124] ACPI: Core revision 20150930
[    0.440358] ACPI: 2 ACPI AML tables successfully acquired and loaded
[    0.441282] Security Framework initialized
[    0.441860] Yama: becoming mindful.
[    0.442387] AppArmor: AppArmor initialized
[    0.443020] Dentry cache hash table entries: 131072 (order: 8, 1048576 bytes)
[    0.444380] Inode-cache hash table entries: 65536 (order: 7, 524288 bytes)
[    0.445304] Mount-cache hash table entries: 2048 (order: 2, 16384 bytes)
[    0.446140] Mountpoint-cache hash table entries: 2048 (order: 2, 16384 bytes)
[    0.447116] Initializing cgroup subsys io
[    0.447689] Initializing cgroup subsys memory
[    0.448298] Initializing cgroup subsys devices
[    0.448918] Initializing cgroup subsys freezer
[    0.449530] Initializing cgroup subsys net_cls
[    0.450140] Initializing cgroup subsys perf_event
[    0.450777] Initializing cgroup subsys net_prio
[    0.451396] Initializing cgroup subsys hugetlb
[    0.452009] Initializing cgroup subsys pids
[    0.453514] mce: CPU supports 0 MCE banks
[    0.454098] Last level iTLB entries: 4KB 64, 2MB 8, 4MB 8
[    0.454801] Last level dTLB entries: 4KB 64, 2MB 0, 4MB 0, 1GB 4
[    0.455562] Spectre V1 : Mitigation: usercopy/swapgs barriers and __user pointer sanitization
[    0.456712] Spectre V2 : Mitigation: Full generic retpoline
[    0.457451] Spectre V2 : Spectre v2 / SpectreRSB mitigation: Filling RSB on context switch
[    0.458570] Speculative Store Bypass: Vulnerable
[    0.459247] MDS: Mitigation: Clear CPU buffers
[    0.461520] Freeing SMP alternatives memory: 36K
[    0.465922] ftrace: allocating 32302 entries in 127 pages
[    0.505908] smpboot: APIC(0) Converting physical 0 to logical package 0
[    0.589997] smpboot: Max logical packages: 1
[    0.591085] x2apic enabled
[    0.591920] Switched APIC routing to physical x2apic.
[    0.602478] ..TIMER: vector=0x30 apic1=0 pin1=2 apic2=-1 pin2=-1
[    0.711252] smpboot: CPU0: Intel(R) Core(TM) i7-8700K CPU @ 3.70GHz (family: 0x6, model: 0x9e, stepping: 0xa)
[    0.811614] Performance Events: unsupported p6 CPU model 158 no PMU driver, software events only.
[    0.825681] KVM setup paravirtual spinlock
[    0.826868] x86: Booting SMP configuration:
[    0.829652] .... node  #0, CPUs:      #1
[    0.830357] kvm-clock: cpu 1, msr 0:3ffe3041, secondary cpu clock
[    0.831904] mce: CPU supports 0 MCE banks
[    0.834414] x86: Booted up 1 node, 2 CPUs
[    0.835154] smpboot: Total of 2 processors activated (14784.00 BogoMIPS)
[    0.836272] devtmpfs: initialized
[    0.840271] evm: security.selinux
[    0.840825] evm: security.SMACK64
[    0.841339] evm: security.SMACK64EXEC
[    0.841888] evm: security.SMACK64TRANSMUTE
[    0.842488] evm: security.SMACK64MMAP
[    0.843044] evm: security.ima
[    0.843582] evm: security.capability
[    0.844250] clocksource: jiffies: mask: 0xffffffff max_cycles: 0xffffffff, max_idle_ns: 7645041785100000 ns
[    0.845931] futex hash table entries: 512 (order: 3, 32768 bytes)
[    0.846986] pinctrl core: initialized pinctrl subsystem
[    0.847772] RTC time: 17:46:26, date: 02/15/20
[    0.848614] NET: Registered protocol family 16
[    0.858342] cpuidle: using governor ladder
[    0.870317] cpuidle: using governor menu
[    0.981051] PCCT header not found.
[    1.039482] ACPI: bus type PCI registered
[    1.040019] acpiphp: ACPI Hot Plug PCI Controller Driver version: 0.5
[    1.040858] PCI: Using configuration type 1 for base access
[    1.057651] ACPI: Added _OSI(Module Device)
[    1.058221] ACPI: Added _OSI(Processor Device)
[    1.058792] ACPI: Added _OSI(3.0 _SCP Extensions)
[    1.059392] ACPI: Added _OSI(Processor Aggregator Device)
[    1.060528] ACPI: Executed 1 blocks of module-level executable AML code
[    1.062771] ACPI: Interpreter enabled
[    1.063286] ACPI: (supports S0 S5)
[    1.063767] ACPI: Using IOAPIC for interrupt routing
[    1.064495] PCI: Using host bridge windows from ACPI; if necessary, use "pci=nocrs" and report a bug
[    1.067915] ACPI: PCI Root Bridge [PCI0] (domain 0000 [bus 00-ff])
[    1.068657] acpi PNP0A03:00: _OSC: OS supports [ASPM ClockPM Segments MSI]
[    1.069494] acpi PNP0A03:00: _OSC: not requesting OS control; OS requires [ExtendedConfig ASPM ClockPM MSI]
[    1.070698] acpi PNP0A03:00: fail to add MMCONFIG information, can't access extended PCI configuration space under this bridge.
[    1.072214] PCI host bridge to bus 0000:00
[    1.072774] pci_bus 0000:00: root bus resource [io  0x0000-0x0cf7 window]
[    1.073566] pci_bus 0000:00: root bus resource [io  0x0d00-0xffff window]
[    1.074356] pci_bus 0000:00: root bus resource [mem 0x000a0000-0x000bffff window]
[    1.075337] pci_bus 0000:00: root bus resource [mem 0x40000000-0xfdffffff window]
[    1.076324] pci_bus 0000:00: root bus resource [bus 00-ff]
[    1.078089] pci 0000:00:01.1: legacy IDE quirk: reg 0x10: [io  0x01f0-0x01f7]
[    1.078913] pci 0000:00:01.1: legacy IDE quirk: reg 0x14: [io  0x03f6]
[    1.079678] pci 0000:00:01.1: legacy IDE quirk: reg 0x18: [io  0x0170-0x0177]
[    1.080499] pci 0000:00:01.1: legacy IDE quirk: reg 0x1c: [io  0x0376]
[    1.096973] pci 0000:00:07.0: quirk: [io  0x4000-0x403f] claimed by PIIX4 ACPI
[    1.120159] pci 0000:00:07.0: quirk: [io  0x4100-0x410f] claimed by PIIX4 SMB
[    1.124275] ACPI: PCI Interrupt Link [LNKA] (IRQs 5 9 10 *11)
[    1.126503] ACPI: PCI Interrupt Link [LNKB] (IRQs 5 9 *10 11)
[    1.225490] ACPI: PCI Interrupt Link [LNKC] (IRQs 5 *9 10 11)
[    1.231962] ACPI: PCI Interrupt Link [LNKD] (IRQs 5 9 10 *11)
[    1.233211] ACPI: Enabled 2 GPEs in block 00 to 07
[    1.234282] vgaarb: setting as boot device: PCI:0000:00:02.0
[    1.235005] vgaarb: device added: PCI:0000:00:02.0,decodes=io+mem,owns=io+mem,locks=none
[    1.236198] vgaarb: loaded
[    1.236827] vgaarb: bridge control possible 0000:00:02.0
[    1.238037] SCSI subsystem initialized
[    1.257209] ACPI: bus type USB registered
[    1.257841] usbcore: registered new interface driver usbfs
[    1.258548] usbcore: registered new interface driver hub
[    1.259216] usbcore: registered new device driver usb
[    1.260073] PCI: Using ACPI for IRQ routing
[    1.260849] NetLabel: Initializing
[    1.261390] NetLabel:  domain hash size = 128
[    1.262011] NetLabel:  protocols = UNLABELED CIPSOv4
[    1.263019] NetLabel:  unlabeled traffic allowed by default
[    1.263909] amd_nb: Cannot enumerate AMD northbridges
[    1.264654] clocksource: Switched to clocksource kvm-clock
[   .225 AppArmor: AppArmor Filesystem Enabled
[    1.393593] pnp: PnP ACPI init[    1.432941] pnp: PnP ACPI: found 3 devices

[    1.460471] clocksource: acpi_pm: mask: 0xffffff max_cycles: 0xffff, max_idle_ns: 2085701024 ns
[    1.501578] NET: Registered protocol family 2

[    1.502268] TCP established hash table entries: 8192 (order: 4, 65536 bytes)
[    1.503119] TCP bind hash table entries: 8192 (order: 5, 131072 bytes)
[    1.503904] TCP: Hash tables configured (established 8192 bind 8192)
[    1.504690] UDP hash table entries: 512 (order: 2, 16384 bytes)
[    1.505434] UDP-Lite hash table entries: 512 (order: 2, 16384 bytes)
[    1.520285] NET: Registered protocol family 1
[    1.520869] pci 0000:00:00.0: Limiting direct PCI/PCI transfers
[    1.521638] pci 0000:00:01.0: Activating ISA DMA hang workarounds
[    1.522468] Unpacking initramfs...
[    1.680588] Freeing initrd memory: 14832K
[    1.747405] clocksource: tsc: mask: 0xffffffffffffffff max_cycles: 0x6a8d280fdb9, max_idle_ns: 881591151302 ns
[    1.748754] platform rtc_cmos: registered platform RTC device (no PNP device found)
[    1.755079] Scanning for low memory corruption every 60 seconds
[    1.756070] audit: initializing netlink subsys (disabled)
[    1.756748] audit: type=2000 audit(1581788791.888:1): initialized
[    1.757681] Initialise system trusted keyring
[    1.758495] HugeTLB registered 2 MB page size, pre-allocated 0 pages
[    1.760069] zbud: loaded
[    1.760746] VFS: Disk quotas dquot_6.6.0
[    1.761280] VFS: Dquot-cache hash table entries: 512 (order 0, 4096 bytes)
[    1.763095] squashfs: version 4.0 (2009/01/31) Phillip Lougher
[    1.764866] fuse init (API version 7.23)
[    1.765731] Key type big_key registered
[    1.771585] Allocating IMA MOK and blacklist keyrings.
[    1.773084] Key type asymmetric registered
[    1.773639] Asymmetric key parser 'x509' registered
[    1.774273] Block layer SCSI generic (bsg) driver version 0.4 loaded (major 249)
[    1.775280] io scheduler noop registered
[    1.775809] io scheduler deadline registered (default)
[    1.776607] io scheduler cfq registered
[    1.782486] pci_hotplug: PCI Hot Plug PCI Core version: 0.5
[    1.783167] pciehp: PCI Express Hot Plug Controller Driver version: 0.4
[    1.784019] ACPI: AC Adapter [AC] (on-line)
[    1.784609] input: Power Button as /devices/LNXSYSTM:00/LNXPWRBN:00/input/input0
[    1.785630] ACPI: Power Button [PWRF]
[    1.786231] input: Sleep Button as /devices/LNXSYSTM:00/LNXSLPBN:00/input/input1
[    1.787303] ACPI: Sleep Button [SLPF]
[    1.788013] GHES: HEST is not enabled!
[    1.788696] Serial: 8250/16550 driver, 32 ports, IRQ sharing enabled
[    1.811011] 00:02: ttyS0 at I/O 0x3f8 (irq = 4, base_baud = 115200) is a 16550A
[    1.813606] Linux agpgart interface v0.103
[    1.815339] loop: module loaded
[    1.816170] scsi host0: ata_piix
[    1.816728] scsi host1: ata_piix
[    1.817217] ata1: PATA max UDMA/33 cmd 0x1f0 ctl 0x3f6 bmdma 0xd000 irq 14
[    1.818025] ata2: PATA max UDMA/33 cmd 0x170 ctl 0x376 bmdma 0xd008 irq 15
[    1.818881] libphy: Fixed MDIO Bus: probed
[    1.819447] tun: Universal TUN/TAP device driver, 1.6
[    1.820088] tun: (C) 1999-2004 Max Krasnyansky <maxk@qualcomm.com>
[    1.820882] PPP generic driver version 2.4.2
[    1.821597] ehci_hcd: USB 2.0 'Enhanced' Host Controller (EHCI) Driver
[    1.823275] ehci-pci: EHCI PCI platform driver
[    1.824575] ehci-platform: EHCI generic platform driver
[    1.825636] ohci_hcd: USB 1.1 'Open' Host Controller (OHCI) Driver
[    1.826378] ohci-pci: OHCI PCI platform driver
[    1.826962] ohci-platform: OHCI generic platform driver
[    1.827611] uhci_hcd: USB Universal Host Controller Interface driver
[    1.854793] i8042: PNP: PS/2 Controller [PNP0303:PS2K,PNP0f03:PS2M] at 0x60,0x64 irq 1,12
[    1.856186] serio: i8042 KBD port at 0x60,0x64 irq 1
[    1.856817] serio: i8042 AUX port at 0x60,0x64 irq 12
[    1.857665] mousedev: PS/2 mouse device common for all mice
[    1.858626] input: AT Translated Set 2 keyboard as /devices/platform/i8042/serio0/input/input2
[    1.860056] rtc_cmos rtc_cmos: rtc core: registered rtc_cmos as rtc0
[    1.860857] rtc_cmos rtc_cmos: alarms up to one day, 114 bytes nvram
[    1.861621] i2c /dev entries driver
[    1.862151] device-mapper: uevent: version 1.0.3
[    1.868107] device-mapper: ioctl: 4.34.0-ioctl (2015-10-28) initialised: dm-devel@redhat.com
[    1.869205] ledtrig-cpu: registered to indicate activity on CPUs
[    1.870212] NET: Registered protocol family 10
[    1.870904] NET: Registered protocol family 17
[    1.871471] Key type dns_resolver registered
[    1.872268] registered taskstats version 1
[    1.872846] Loading compiled-in X.509 certificates
[    1.873839] Loaded X.509 cert 'Build time autogenerated kernel key: f0e56e97f406068ace47a9bf54316e9855aaaa43'
[    1.875017] zswap: loaded using pool lzo/zbud
[    1.876756] Key type trusted registered
[    1.879241] Key type encrypted registered
[    1.879772] AppArmor: AppArmor sha1 policy hashing enabled
[    1.880424] ima: No TPM chip found, activating TPM-bypass!
[    1.881113] ima: Allocated hash algorithm: sha1
[    1.881711] evm: HMAC attrs: 0x1
[    1.882346]   Magic number: 8:142:795
[    1.882892] rtc_cmos rtc_cmos: setting system clock to 2020-02-15 17:46:28 UTC (1581788788)
[    1.883990] BIOS EDD facility v0.16 2004-Jun-25, 0 devices found
[    1.884695] EDD information not available.
[    1.976042] Freeing unused kernel memory: 1488K
[    2.220730] Write protecting the kernel read-only data: 14336k
[    2.927222] Freeing unused kernel memory: 1604K
[    2.927901] Freeing unused kernel memory: 60K
Loading, please wait...
starting version 229
[    2.937753] random: systemd-udevd: uninitialized urandom read (16 bytes read, 3 bits of entropy available)
[    2.938452] random: udevadm: uninitialized urandom read (16 bytes read, 3 bits of entropy available)
[    2.938476] random: udevadm: uninitialized urandom read (16 bytes read, 3 bits of entropy available)
[    2.942770] random: systemd-udevd: uninitialized urandom read (16 bytes read, 3 bits of entropy available)
[    2.944425] random: systemd-udevd: uninitialized urandom read (16 bytes read, 3 bits of entropy available)
[    2.946192] random: systemd-udevd: uninitialized urandom read (16 bytes read, 3 bits of entropy available)
[    2.946769] random: udevadm: uninitialized urandom read (16 bytes read, 3 bits of entropy available)
[    2.946815] random: udevadm: uninitialized urandom read (16 bytes read, 3 bits of entropy available)
[    2.946969] random: udevadm: uninitialized urandom read (16 bytes read, 3 bits of entropy available)
[    2.947019] random: udevadm: uninitialized urandom read (16 bytes read, 3 bits of entropy available)
[    3.093274] Fusion MPT base driver 3.04.20
[    3.112070] Copyright (c) 1999-2008 LSI Corporation
[    3.113261] e1000: Intel(R) PRO/1000 Network Driver - version 7.3.21-k8-NAPI
[    3.114405] e1000: Copyright (c) 1999-2006 Intel Corporation.
[    3.129616] AVX2 version of gcm_enc/dec engaged.
[    3.142065] AES CTR mode by8 optimization enabled
[    3.145968] Fusion MPT SPI Host driver 3.04.20
[    3.322821] input: ImExPS/2 Generic Explorer Mouse as /devices/platform/i8042/serio1/input/input4
[    3.451510] e1000 0000:00:03.0 eth0: (PCI:33MHz:32-bit) 02:bf:1c:77:ff:98
[    3.512630] e1000 0000:00:03.0 eth0: Intel(R) PRO/1000 Network Connection
[    3.575511] e1000 0000:00:03.0 enp0s3: renamed from eth0
[    3.615839] mptbase: ioc0: Initiating bringup
[    3.681284] ioc0: LSI53C1030 A0: Capabilities={Initiator}
[    4.039938] scsi host2: ioc0: LSI53C1030 A0, FwRev=00000000h, Ports=1, MaxQ=256, IRQ=20
[    4.625640] scsi 2:0:0:0: Direct-Access     VBOX     HARDDISK         1.0  PQ: 0 ANSI: 5
[    4.649661] scsi target2:0:0: Beginning Domain Validation
[    4.650924] scsi target2:0:0: Domain Validation skipping write tests
[    4.651688] scsi target2:0:0: Ending Domain Validation
[    4.652366] scsi target2:0:0: asynchronous
[    4.653384] scsi 2:0:1:0: Direct-Access     VBOX     HARDDISK         1.0  PQ: 0 ANSI: 5
[    4.654438] scsi target2:0:1: Beginning Domain Validation
[    4.655517] scsi target2:0:1: Domain Validation skipping write tests
[    4.656281] scsi target2:0:1: Ending Domain Validation
[    4.656966] scsi target2:0:1: asynchronous
[    4.660492] sd 2:0:0:0: Attached scsi generic sg0 type 0
[    4.667591] sd 2:0:0:0: [sda] 20971520 512-byte logical blocks: (10.7 GB/10.0 GiB)
[    4.673585] sd 2:0:1:0: Attached scsi generic sg1 type 0
[    4.674547] sd 2:0:0:0: [sda] Write Protect is off
[    4.674634] sd 2:0:1:0: [sdb] 20480 512-byte logical blocks: (10.5 MB/10.0 MiB)
[    4.674851] sd 2:0:1:0: [sdb] Write Protect is off
[    4.675008] sd 2:0:1:0: [sdb] Incomplete mode parameter data
[    4.675009] sd 2:0:1:0: [sdb] Assuming drive cache: write through
[    4.678587] sd 2:0:0:0: [sda] Incomplete mode parameter data
[    4.678984] sd 2:0:1:0: [sdb] Attached SCSI disk
[    4.679892] sd 2:0:0:0: [sda] Assuming drive cache: write through
[    4.681483]  sda: sda1
[    4.682221] sd 2:0:0:0: [sda] Attached SCSI disk
Begin: Loading e[    5.922649] md: linear personality registered for level -1
ssential drivers[    6.104834] md: multipath personality registered for level -4
 ... [    6.287394] md: raid0 personality registered for level 0
[    6.327319] md: raid1 personality registered for level 1
[    6.396684] raid6: sse2x1   gen() 14643 MB/s
[    6.584680] raid6: sse2x1   xor() 10351 MB/s
[    6.756687] raid6: sse2x2   gen() 14431 MB/s
[    6.848698] raid6: sse2x2   xor()  9776 MB/s
[    6.916685] raid6: sse2x4   gen() 16145 MB/s
[    6.984678] raid6: sse2x4   xor() 10850 MB/s
[    7.052677] raid6: avx2x1   gen() 18236 MB/s
[    7.120681] raid6: avx2x2   gen() 28695 MB/s
[    7.188683] raid6: avx2x4   gen() 36823 MB/s
[    7.189226] raid6: using algorithm avx2x4 gen() 36823 MB/s
[    7.189870] raid6: using avx2x2 recovery algorithm
[    7.191445] xor: automatically using best checksumming function:
[    7.254997]    avx       : 76123.000 MB/sec
[    7.256409] async_tx: api initialized (async)
[    7.263437] md: raid6 personality registered for level 6
[    7.264085] md: raid5 personality registered for level 5
[    7.264736] md: raid4 personality registered for level 4
[    7.269641] md: raid10 personality registered for level 10
done.
Begin: Running /scripts/init-premount ... done.
Begin: Mounting root file system ... Begin: Running /scripts/local-top ... done.
Begin: Running /scripts/local-premount ... [    7.288554] Btrfs loaded
Scanning for Btrfs filesystems
done.
Warning: fsck not present, so skipping root file system
[    7.318753] EXT4-fs (sda1): mounted filesystem with ordered data mode. Opts: (null)
done.
Begin: Running /scripts/local-bottom ... done.
Begin: Running /scripts/init-bottom ... done.
[    7.521488] systemd[1]: systemd 229 running in system mode. (+PAM +AUDIT +SELINUX +IMA +APPARMOR +SMACK +SYSVINIT +UTMP +LIBCRYPTSETUP +GCRYPT +GNUTLS +ACL +XZ -LZ4 +SECCOMP +BLKID +ELFUTILS +KMOD -IDN)
[    7.523558] systemd[1]: Detected virtualization oracle.
[    7.524191] systemd[1]: Detected architecture x86-64.

Welcome to [1mUbuntu 16.04.6 LTS[0m!

[    7.530817] systemd[1]: Set hostname to <ubuntu>.
[    7.537433] systemd[1]: Initializing machine ID from random generator.
[    7.538210] systemd[1]: Installed transient /etc/machine-id file.
[    7.704400  systemd[]]: Listening on udev Control Socket.
[[0;32m  OK  [0m] Listening on udev Control Socket.
[    7.866675] systemd[1]: Reached target Swap.
[[0;32m  OK  [0m] Reached target Swap.
[    7.878113] systemd[1]: Created slice User and Session Slice.
[[0;32m  OK  [0m] Created slice User and Session Slice.
[    7.879783] systemd[1]: Created slice System Slice.
[[0;32m  OK  [0m] Created slice System Slice.
[    7.881005] systemd[1]: Reached target Slices.
[[0;32m  OK  [0m] Reached target Slices.
[    7.882151] systemd[1]: Listening on Device-mapper event daemon FIFOs.
[[0;32m  OK  [0m] Listening on Device-mapper event daemon FIFOs.
[    7.898458] systemd[1]: Listening on udev Kernel Socket.
[[0;32m  OK  [0m] Listening on udev Kernel Socket.
[    7.900026] systemd[1]: Listening on Journal Socket.
[[0;32m  OK  [0m] Listening on Journal Socket.
[    7.912848] systemd[1]: Starting Set console keymap...
         Starting Set console keymap...
[    7.914648] systemd[1]: Starting Remount Root and Kernel File Systems...
         Starting Remount Root and Kernel File Systems...
[    7.916315] systemd[1]: Listening on Syslog Socket.
[[0;32m  OK  [0m] Listening on Syslog Socket.
[    7.918118] systemd[1]: Mounting Huge Pages File System...
         Mounting Huge Pages File System...
[    7.919701] systemd[1]: Set up automount Arbitrary Executable File Formats File System Automount Point.
[[0;32m  OK  [0m] Set up automount Arbitrary Executab...ats File System Automount Point.
[    7.924117] systemd[1]: Reached target User and Group Name Lookups.
[    7.924985] EXT4-fs (sda1): re-mounted. Opts: (null)
[[0;32m  OK  [0m] Reached target User and Group Name Lookups.
[    7.928205] systemd[1]: Starting Nameserver information manager...
         Starting Nameserver information manager...
[    7.929815] systemd[1]: Started Forward Password Requests to Wall Directory Watch.
[[0;32m  OK  [0m] Started Forward Password Requests to Wall Directory Watch.
[    7.931863] systemd[1]: Reached target System Time Synchronized.
[[0;32m  OK  [0m] Reached target System Time Synchronized.
[    7.933879] systemd[1]: Starting Uncomplicated firewall...
         Starting Uncomplicated firewall...
[    7.935366] systemd[1]: Listening on LVM2 metadata daemon socket.
[[0;32m  OK  [0m] Listening on LVM2 metadata daemon socket.
[    7.937503] systemd[1]: Starting Monitoring of LVM2 mirrors, snapshots etc. using dmeventd or progress polling...
         Starting Monitoring of LVM2 mirrors... dmeventd or progress polling...
[    7.943755] systemd[1]: Starting Load Kernel Modules...
         Starting Load Kernel Modules...
[    7.945293] systemd[1]: Reached target Encrypted Volumes.
[[0;32m  OK  [0m] Reached target Encrypted Volumes.
[    7.947288] systemd[1]: Mounting POSIX Message Queue File System...
         Mounting POSIX Message Queue File System...
[    7.949061] systemd[1]: Created slice system-serial\x2dgetty.slice.
[[0;32m  OK  [0m] Created slice system-serial\x2dgetty.slice.
[    7.950801] systemd[1]: Listening on LVM2 poll daemon socket.
[[0;32m  OK  [0m] Listening on LVM2 poll daemon socket.
[    7.952401] systemd[1]: Started Trigger resolvconf update for networkd DNS.
[[0;32m  OK  [0m] Started Trigger resolvconf update for networkd DNS.
[    7.954630] systemd[1]: Listening on /dev/initctl Compatibility Named Pipe.
[[0;32m  OK  [0m] Listening on /dev/initctl Compatibility Named Pipe.
[    7.956581] systemd[1]: Listening on Journal Socket (/dev/log).
[[0;32m  OK  [0m] Listening on Journal Socket (/dev/log).
[    7.958570] systemd[1]: Starting Create list of required static device nodes for the current kernel...
         Starting Create list of required st... nodes for the current kernel...
[    7.961395] systemd[1]: Mounting Debug File System...
         Mounting Debug File System...
[    7.962939] systemd[1]: Listening on Journal Audit Socket.
[[0;32m  OK  [0m] Listening on Journal Audit Socket.
[    7.964824] systemd[1]: Starting Journal Service...
         Starting Journal Service...
[    7.967373] systemd[1]: Mounted Huge Pages File System.
[[0;32m  OK  [0m] Mounted Huge Pages File System.
[    7.968866] systemd[1]: Mounted POSIX Message Queue File System.
[    7.969919] Loading iSCSI transport class v2.0-870.
[[0;32m  OK  [0m] Mounted POSIX Message Queue File System.
[    7.971422] systemd[1]: Mounted Debug File System.
[[0;32m  OK  [0m] Mounted Debug File System.
[    7.974181] systemd[1]: Started Set console keymap.
[[0;32m  OK  [0m] Started Set console keymap.
[    7.976256] systemd[1]: Started Remount Root and Kernel File Systems.
[[0;32m  OK  [0m] Started Remount Root and Kernel File Systems.
[    7.978600] systemd[1]: Started Uncomplicated firewall.
[[0;32m  OK  [0m] Started Uncomplicated firewall.
[    7.980555] systemd[1]: Started Create list of required static device nodes for the current kernel.
[    7.982130] iscsi: registered transport (tcp)
[[0;32m  OK  [0m] Started Create list of required sta...ce nodes for the current kernel.
[    7.983866] systemd[1]: Started Nameserver information manager.
[[0;32m  OK  [0m] Started Nameserver information manager.
[    7.987329] systemd[1]: Started LVM2 metadata daemon.
[[0;32m  OK  [0m] Started LVM2 metadata daemon.
[    7.989286] systemd[1]: Starting Create Static Device Nodes in /dev...
         Starting Create Static Device Nodes in /dev...
[    7.991345] systemd[1]: Starting Load/Save Random Seed...
         Starting Load/Save Random Seed...
[    7.996679] systemd[1]: Starting udev Coldplug all Devices...
         Starting udev Coldplug all Devices...
[    8.001764] systemd[1]: Started Load/Save Random Seed.
[[0;32m  OK  [0m] Started Load/Save Random Seed.
[    8.014595] systemd[1]: Started Journal Service.
[[0;32m  OK  [0m] Started Journal Service.
         Starting Flush Journal to Persistent Storage...
[[0;32m  OK  [0m] Started udev Coldplug all Devices.
[    8.029931] systemd-journald[398]: Received request to flush runtime journal from PID 1
[[0;32m  OK  [0m] Started Flush Journal to Persistent Storage.
[    8.033654] iscsi: registered transport (iser)
[[0;32m  OK  [0m] Started Load Kernel Modules.
         Mounting FUSE Control File System...
         Starting Apply Kernel Variables...
[[0;32m  OK  [0m] Mounted FUSE Control File System.
[[0;32m  OK  [0m] Started Create Static Device Nodes in /dev.
         Starting udev Kernel Device Manager...
[[0;32m  OK  [0m] Started Apply Kernel Variables.
[[0;32m  OK  [0m] Started udev Kernel Device Manager.
[[0;32m  OK  [0m] Started Dispatch Password Requests to Console Directory Watch.
[[0;32m  OK  [0m] Found device /dev/ttyS0.
[[0;32m  OK  [0m] Listening on Load/Save RF Kill Switch Status /dev/rfkill Watch.
[[0;32m  OK  [0m] Started Monitoring of LVM2 mirrors,...ng dmeventd or progress polling.
[[0;32m  OK  [0m] Reached target Local File Systems (Pre).
[[0;32m  OK  [0m] Reached target Local File Systems.
         Starting Commit a transient machine-id on disk...
         Starting LSB: AppArmor initialization...
         Starting Initial cloud-init job (pre-networking)...
         Starting Set console font and keymap...
         Starting Create Volatile Files and Directories...
         Starting Tell Plymouth To Write Out Runtime Data...
[[0;32m  OK  [0m] Started Commit a transient machine-id on disk.
[[0;32m  OK  [0m] Started Create Volatile Files and Directories.
         Starting Update UTMP about System Boot/Shutdown...
[[0;32m  OK  [0m] Started Tell Plymouth To Write Out Runtime Data.
[[0;32m  OK  [0m] Started Update UTMP about System Boot/Shutdown.
[[0;32m  OK  [0m] Started Set console font and keymap.
[[0;32m  OK  [0m] Created slice system-getty.slice.
[[0;32m  OK  [0m] Started LSB: AppArmor initialization.
[    8.980252] cloud-init[615]: Cloud-init v. 19.3-41-gc4735dd3-0ubuntu1~16.04.1 running 'init-local' at Sat, 15 Feb 2020 17:46:36 +0000. Up 8.67 seconds.
[[0;32m  OK  [0m] Started Initial cloud-init job (pre-networking).
[[0;32m  OK  [0m] Reached target Network (Pre).
         Starting Raise network interfaces...
[[0;32m  OK  [0m] Started Raise network interfaces.
[[0;32m  OK  [0m] Reached target Network.
         Starting Initial cloud-init job (metadata service crawler)...
[   10.262180] cloud-init[948]: Cloud-init v. 19.3-41-gc4735dd3-0ubuntu1~16.04.1 running 'init' at Sat, 15 Feb 2020 17:46:37 +0000. Up 9.56 seconds.
[[0;32m  OK  [0m] Started Initial cloud-init job (metadata service crawler).
[   10.320852] [[0;32m  OK  [0m] Reached target Cloud-config availability.
[[0;32m  OK  [0m] Reached target System Initialization.
cloud-init[948]:          Starting LXD - unix socket.
[[0;32m  OK  [0m] Listening on UUID daemon activation socket.
[[0;32m  OK  [0m] Listening on ACPID Listen Socket.
[[0;32m  OK  [0m] Started Daily Cleanup of Temporary Directories.
ci-info: ++++++++++++++++++++++++++++++++++++++Net device info++++++++++++++++++++++++++++++++++++++
[   10.324455] [[0;32m  OK  [0m] Started ACPI Events Check.
[[0;32m  OK  [0m] Reached target Paths.
[[0;32m  OK  [0m] Listening on D-Bus System Message Bus Socket.
[[0;32m  OK  [0m] Started Daily apt download activities.
[[0;32m  OK  [0m] Started Daily apt upgrade and clean activities.
[[0;32m  OK  [0m] Started Message of the Day.
[[0;32m  OK  [0m] Reached target Timers.
         Starting Socket activation for snappy daemon.
[[0;32m  OK  [0m] Reached target Network is Online.
cloud-init[948]: ci-info: +--------+------+----------------------------+---------------+--------+-------------------+
[   10.328664] cloud-init[948]: ci-info: | Device |  Up  |          Address           |      Mask     | Scope  |     Hw-Address    |
[   10.329945] cloud-init[948]: ci-info: +--------+------+----------------------------+---------------+--------+-------------------+
[   10.331220] cloud-init[948]: ci-info: | enp0s3 | True |         10.0.2.15          | 255.255.255.0 | global | 02:bf:1c:77:ff:98 |
[   10.332536] cloud-init[948]: ci-info: | enp0s3 | True | fe80::bf:1cff:fe77:ff98/64 |       .       |  link  | 02:bf:1c:77:ff:98 |
[   10.365730]          Starting iSCSI initiator daemon (iscsid)...
[[0;32m  OK  [0m] Listening on LXD - unix socket.
[[0;32m  OK  [0m] Listening on Socket activation for snappy daemon.
cloud-init[948]: ci-info: |   lo   | True |         127.0.0.1          |   255.0.0.0   |  host  |         .         |
[   10.401465] [[0;32m  OK  [0m] Reached target Sockets.
[[0;32m  OK  [0m] Reached target Basic System.
cloud-init[948]: ci-info: |   lo   | True |          ::1/128           |       .       |  host  |         .         |
[   10.406463] cloud-init[948]: ci-info: +--------+------+----------------------------+---------------+--------+-------------------+
[   10.426419]          Starting Snappy daemon...
cloud-init[948]: ci-info: +++++++++++++++++++++++++++Route IPv4 info++++++++++++++++++++++++++++         Starting System Logging Service...

[   10.430639]          Starting Virtualbox guest utils...
cloud-init[948]: ci-info: +-------+-------------+----------+---------------+-----------+-------+
[   10.434318] [[0;32m  OK  [0m] Started ACPI event daemon.
[[0;32m  OK  [0m] Started D-Bus System Message Bus.
cloud-init[948]: ci-info: | Route | Destination | Gateway  |    Genmask    | Interface | Flags |
[   10.447921] cloud-init[948]: ci-info: +-------+-------------+----------+---------------+-----------+-------+
[   10.450485] cloud-init[948]: ci-info: |   0   |   0.0.0.0   | 10.0.2.2 |    0.0.0.0    |   enp0s3  |   UG  |
[   10.452776] cloud-init[948]: ci-info: |   1   |   10.0.2.0  | 0.0.0.0  | 255.255.255.0 |   enp0s3  |   U   |
[   10.454842] cloud-init[948]: ci-info: +-------+-------------+----------+---------------+-----------+-------+
[   10.457026] cloud-init[948]: ci-info: +++++++++++++++++++Route IPv6 info+++++++++++++++++++
[   10.458544] cloud-init[948]: ci-info: +-------+-------------+---------+-----------+-------+
[   10.460307] cloud-init[948]: ci-info: | Route | Destination | Gateway | Interface | Flags |
[   10.461907] cloud-init[948]: ci-info: +-------+-------------+---------+-----------+-------+
[   10.463444] cloud-init[948]: ci-info: |   0   |  fe80::/64  |    ::   |   enp0s3  |   U   |
[   10.464812] cloud-init[948]: ci-info: |   3   |   ff00::/8  |    ::   |   enp0s3  |   U   |
[   10.466177] cloud-init[948]: ci-info: +-------+-------------+---------+-----------+-------+
[   10.467678] cloud-init[948]: Generating public/private rsa key pair.
[   10.468830] cloud-init[948]: Your identification has been saved in /etc/ssh/ssh_host_rsa_key.
[   10.470840] cloud-init[948]: Your public key has been saved in /etc/ssh/ssh_host_rsa_key.pub.
[   10.472087] cloud-init[948]: The key fingerprint is:
[   10.472974] cloud-init[948]: SHA256:86XPlAUqnKNdxGpIPNq5udJdip+emYMylnInaIv/SJU root@ubuntu-xenial
[   10.474302] cloud-init[948]: The key's randomart image is:
[   10.475283] cloud-init[948]: +---[RSA 2048]----+
[   10.476589] cloud-init[948]: |                 |
[   10.477409] cloud-init[948]: |     .   .       |
[   10.478229] cloud-init[948]: |      +   o .    |
[   10.479185] cloud-init[948]: |     = = + . .   |
[   10.479977] cloud-init[948]: |    E + S o . .  |
[   10.480813] cloud-init[948]: |   .   * *.o o   |
[   10.481632] cloud-init[948]: |  .. o++.oo o    |
[   10.482436] cloud-init[948]: | o+.O =.+= +     |
[   10.483237] cloud-init[948]: |.o+*.*.oB.  o    |
[   10.484060] cloud-init[948]: +----[SHA256]-----+
[   10.485130] cloud-init[948]: Generating public/private dsa key pair.
[   10.486172] cloud-init[948]: Your identification has been saved in /etc/ssh/ssh_host_dsa_key.
[   10.487273] cloud-init[948]: Your public key has been saved in /etc/ssh/ssh_host_dsa_key.pub.
[   10.488402] cloud-init[948]: The key fingerprint is:
[   10.489283] cloud-init[948]: SHA256:BeU2N2wdMKhf4/AraYYnsh/w18qDRfIHI7UAip9URUI root@ubuntu-xenial
[   10.490372] cloud-init[948]: The key's randomart image is:
[   10.491213] cloud-init[948]: +---[DSA 1024]----+
[   10.492076] cloud-init[948]: |     .E++...o..  |
[   10.492914] cloud-init[948]: |   . o ..oo. o . |
[   10.493729] cloud-init[948]: |  . o    +=.= .  |
[   10.494522] cloud-init[948]: |   o .  +o*+o.   |
[   10.495363] cloud-init[948]: |    o . S* B .   |
[   10.496220] cloud-init[948]: |       o  +.+    |
[   10.497311] cloud-init[948]: |        o+.o..   |
[   10.498490] cloud-init[948]: |      . ++B..    |
[   10.499573] cloud-init[948]: |      .+.=oo     |
[   10.500719] cloud-init[948]: +----[SHA256]-----+
[   10.501514] cloud-init[948]: Generating public/private ecdsa key pair.
[   10.502430] cloud-init[948]: Your identification has been saved in /etc/ssh/ssh_host_ecdsa_key.
[   10.503516] cloud-init[948]: Your public key has been saved in /etc/ssh/ssh_host_ecdsa_key.pub.
[   10.504603] cloud-init[948]: The key fingerprint is:
[   10.505455] cloud-init[948]: SHA256:et57zfMv/7Sa17unS7nrytERS+YZh2hZ8XiWZerDu8M root@ubuntu-xenial
[   10.506534] cloud-init[948]: The key's randomart image is:
[   10.507380] cloud-init[948]: +---[ECDSA 256]---+
[   10.508231] cloud-init[948]: |              o.o|
[   10.509041] cloud-init[948]: |             + *o|
[   10.509849] cloud-init[948]: |            + O.=|
[   10.510657] cloud-init[948]: |           . * O |
[   10.511470] cloud-init[948]: |        S     O  |
[   10.512317] cloud-init[948]: |       .     . = |
[   10.513162] cloud-init[948]: |      . .   .+= o|
[   10.514078] cloud-init[948]: |       o . ..oE=+|
[   10.514912] cloud-init[948]: |        . ooo=X&@|
[   10.515721] cloud-init[948]: +----[SHA256]-----+
[   10.516532] cloud-init[948]: Generating public/private ed25519 key pair.
[   10.517493] cloud-init[948]: Your identification has been saved in /etc/ssh/ssh_host_ed25519_key.
[   10.518572] cloud-init[948]: Your public key has been saved in /etc/ssh/ssh_host_ed25519_key.pub.
[   10.519692] cloud-init[948]: The key fingerprint is:
[   10.520593] cloud-init[948]: SHA256:746T64ZWE8MvO2rNA6Liabs0XKqxYiBQ4PPY63JMHbo root@ubuntu-xenial
[   10.521731] cloud-init[948]: The key's randomart image is:
[   10.522606] cloud-init[948]: +--[ED25519 256]--+
[   10.523411] cloud-init[948]: |..               |
[   10.524344] cloud-init[948]: |. .              |
[   10.525620] cloud-init[948]: | +     .         |
[   10.526429] cloud-init[948]: |. =  .  +        |
[   10.527223] cloud-init[948]: |.. +o . S+       |
[   10.528041] cloud-init[948]: |+ ooo.. +..      |
[   10.528868] cloud-init[948]: |+=oo.. * =.      |
[   10.529665] cloud-init[948]: |=*=E  + Xo       |
[[0;32m  OK  [0m] Started FUSE filesystem for LXC.
[   10.544701] cloud-init[948]: |B*=. o.++*o      |
[   10.613837] [cloud-init[0;32m  OK  [0m[948]: ] +----[SHA256]-----+Started Deferred execution scheduler.

         Starting LSB: Record successful boot for GRUB...
         Starting Login Service...
         Starting Pollinate to seed the pseudo random number generator...
         Starting /etc/rc.local Compatibility...
         Starting Accounts Service...
         Starting LSB: MD monitoring daemon...
         Starting LXD - container startup/shutdown...
[[0;32m  OK  [0m] Started Regular background program processing daemon.
[[0;32m  OK  [0m] Started System Logging Service.
[[0;32m  OK  [0m] Started iSCSI initiator daemon (iscsid).
[[0;32m  OK  [0m] Started /etc/rc.local Compatibility.
         Starting Login to default iSCSI targets...
[[0;32m  OK  [0m] Started Login Service.
[[0;32m  OK  [0m] Started Unattended Upgrades Shutdown.
[[0;32m  OK  [0m] Started LSB: Record successful boot for GRUB.
[[0;32m  OK  [0m] Started LSB: MD monitoring daemon.
[[0;32m  OK  [0m] Started Login to default iSCSI targets.
[[0;32m  OK  [0m] Reached target Remote File Systems (Pre).
[[0;32m  OK  [0m] Reached target Remote File Systems.
         Starting LSB: automatic crash report generation...
         Starting LSB: Set the CPU Frequency Scaling governor to "ondemand"...
         Starting Permit User Sessions...
         Starting LSB: daemon to balance interrupts for SMP systems...
[[0;32m  OK  [0m] Started Permit User Sessions.
         Starting Hold until boot process finishes up...
         Starting Terminate Plymouth Boot Screen...
[[0;32m  OK  [0m] Started Hold until boot process finishes up.
         Starting Set console scheme...
[[0;32m  OK  [0m] Started Serial Getty on ttyS0.
[[0;32m  OK  [0m] Started Getty on tty1.
[[0;32m  OK  [0m] Reached target Login Prompts.
[[0;32m  OK  [0m] Started Virtualbox guest utils.
[[0;32m  OK  [0m] Started Terminate Plymouth Boot Screen.
[[0;32m  OK  [0m] Started Set console scheme.
         Starting Authenticate and Authorize Users to Run Privileged Tasks...
[[0;32m  OK  [0m] Started LSB: Set the CPU Frequency Scaling governor to "ondemand".
[[0;32m  OK  [0m] Started LSB: daemon to balance interrupts for SMP systems.
[[0;32m  OK  [0m] Started Snappy daemon.
[[0;32m  OK  [0m] Started LSB: automatic crash report generation.
[[0;32m  OK  [0m] Started Authenticate and Authorize Users to Run Privileged Tasks.
[[0;32m  OK  [0m] Started Accounts Service.
         Starting Wait until snapd is fully seeded...
[[0;32m  OK  [0m] Started LXD - container startup/shutdown.
[[0;32m  OK  [0m] Started Pollinate to seed the pseudo random number generator.
         Starting OpenBSD Secure Shell server...
[[0;32m  OK  [0m] Started OpenBSD Secure Shell server.
[[0;32m  OK  [0m] Created slice User Slice of vagrant.
[[0;32m  OK  [0m] Started Session 1 of user vagrant.
         Starting User Manager for UID 1000...
[[0;32m  OK  [0m] Started User Manager for UID 1000.
[[0;32m  OK  [0m] Started Wait until snapd is fully seeded.
         Starting Apply the settings specified in cloud-config...
[[0;32m  OK  [0m] Reached target Multi-User System.
[[0;32m  OK  [0m] Reached target Graphical Interface.
         Starting Update UTMP about System Runlevel Changes...
[[0;32m  OK  [0m] Started Update UTMP about System Runlevel Changes.
[   13.698250] cloud-init[1415]: Generating locales (this might take a while)...
[   14.240105] cloud-init[1415]:   en_US.UTF-8... done
[   14.292386] cloud-init[1415]: Generation complete.
[   14.588825] cloud-init[1415]: Cloud-init v. 19.3-41-gc4735dd3-0ubuntu1~16.04.1 running 'modules:config' at Sat, 15 Feb 2020 17:46:41 +0000. Up 13.61 seconds.
[[0;32m  OK  [0m] Started Apply the settings specified in cloud-config.
         Starting Execute cloud user/final scripts...
ci-info: no authorized ssh keys fingerprints found for user ubuntu.
<14>Feb 15 17:46:42 ec2: 
<14>Feb 15 17:46:42 ec2: #############################################################
<14>Feb 15 17:46:42 ec2: -----BEGIN SSH HOST KEY FINGERPRINTS-----
<14>Feb 15 17:46:42 ec2: 1024 SHA256:BeU2N2wdMKhf4/AraYYnsh/w18qDRfIHI7UAip9URUI root@ubuntu-xenial (DSA)
<14>Feb 15 17:46:42 ec2: 256 SHA256:et57zfMv/7Sa17unS7nrytERS+YZh2hZ8XiWZerDu8M root@ubuntu-xenial (ECDSA)
<14>Feb 15 17:46:42 ec2: 256 SHA256:746T64ZWE8MvO2rNA6Liabs0XKqxYiBQ4PPY63JMHbo root@ubuntu-xenial (ED25519)
<14>Feb 15 17:46:42 ec2: 2048 SHA256:86XPlAUqnKNdxGpIPNq5udJdip+emYMylnInaIv/SJU root@ubuntu-xenial (RSA)
<14>Feb 15 17:46:42 ec2: -----END SSH HOST KEY FINGERPRINTS-----
<14>Feb 15 17:46:42 ec2: #############################################################
-----BEGIN SSH HOST KEY KEYS-----
ecdsa-sha2-nistp256 AAAAE2VjZHNhLXNoYTItbmlzdHAyNTYAAAAIbmlzdHAyNTYAAABBBMaG1Iv0lAauRrg5uWrnKNsLD2wFL9iC24Tb4v9wMaUvIjuuwFt9m1U7g3ADd4RzXCjBAfobh9jJ9DaKli6MJso= root@ubuntu-xenial
ssh-ed25519 AAAAC3NzaC1lZDI1NTE5AAAAIDz8y5aWVoatrdoz1f0NWa93JF+mEmuH2A+CtQ9krAOj root@ubuntu-xenial
ssh-rsa AAAAB3NzaC1yc2EAAAADAQABAAABAQDIzr5M7QiBpCdmW1J//Hartapb4Td7AoybyT5425OL7cY4j1uxwZCkeA3CMuoSHdhh/Z0I7WHUegkyD0l1lXWglAUga2WLm81i6fUl2ynhwzt5aB0H7vYHLpcvYFyY1r9a8NcU1c4ixcbz9bJoTYr7o4aekoX0JWde49A2c0F+q2nQQkNp0UwtjczFTzdMiGD8ak+XMyPkvxhbTUxuFHUm8cakRHGNQSKZCScuVaK3DTEIZ5u2ngy5P4w73k4Ddap4VhSBmD0JrjqqE3dF4FZdW7rhmBCLCv2nwU6v30C9DpZYSUWZtd9btnzNO83CVWyjihrJSayDsooblMM/6k75 root@ubuntu-xenial
-----END SSH HOST KEY KEYS-----
[   15.247385] cloud-init[1528]: Cloud-init v. 19.3-41-gc4735dd3-0ubuntu1~16.04.1 running 'modules:final' at Sat, 15 Feb 2020 17:46:42 +0000. Up 14.90 seconds.
[   15.249385] cloud-init[1528]: ci-info: no authorized ssh keys fingerprints found for user ubuntu.
[   15.250697] cloud-init[1528]: Cloud-init v. 19.3-41-gc4735dd3-0ubuntu1~16.04.1 finished at Sat, 15 Feb 2020 17:46:42 +0000. Datasource DataSourceNoCloud [seed=/dev/sdb][dsmode=net].  Up 15.23 seconds
[[0;32m  OK  [0m] Started Execute cloud user/final scripts.
[[0;32m  OK  [0m] Reached target Cloud-init target.

Ubuntu 16.04.6 LTS ubuntu-xenial ttyS0

ubuntu-xenial login: 